Archive member included to satisfy reference by file (symbol)

c:/program files (x86)/atollic/truestudio for stm32 9.3.0/armtools/bin/../lib/gcc/arm-atollic-eabi/6.3.1/../../../../arm-atollic-eabi/lib/armv7e-m/fpu\libc_nano.a(lib_a-errno.o)
                              Core\Src\syscalls.o (__errno)
c:/program files (x86)/atollic/truestudio for stm32 9.3.0/armtools/bin/../lib/gcc/arm-atollic-eabi/6.3.1/../../../../arm-atollic-eabi/lib/armv7e-m/fpu\libc_nano.a(lib_a-impure.o)
                              c:/program files (x86)/atollic/truestudio for stm32 9.3.0/armtools/bin/../lib/gcc/arm-atollic-eabi/6.3.1/../../../../arm-atollic-eabi/lib/armv7e-m/fpu\libc_nano.a(lib_a-errno.o) (_impure_ptr)
c:/program files (x86)/atollic/truestudio for stm32 9.3.0/armtools/bin/../lib/gcc/arm-atollic-eabi/6.3.1/../../../../arm-atollic-eabi/lib/armv7e-m/fpu\libc_nano.a(lib_a-init.o)
                              startup\startup_stm32f407xx.o (__libc_init_array)
c:/program files (x86)/atollic/truestudio for stm32 9.3.0/armtools/bin/../lib/gcc/arm-atollic-eabi/6.3.1/../../../../arm-atollic-eabi/lib/armv7e-m/fpu\libc_nano.a(lib_a-itoa.o)
                              Core\Src\nrf_reg_data.o (itoa)
c:/program files (x86)/atollic/truestudio for stm32 9.3.0/armtools/bin/../lib/gcc/arm-atollic-eabi/6.3.1/../../../../arm-atollic-eabi/lib/armv7e-m/fpu\libc_nano.a(lib_a-memset.o)
                              Core\Src\main.o (memset)
c:/program files (x86)/atollic/truestudio for stm32 9.3.0/armtools/bin/../lib/gcc/arm-atollic-eabi/6.3.1/../../../../arm-atollic-eabi/lib/armv7e-m/fpu\libc_nano.a(lib_a-printf.o)
                              Core\Src\DWT.o (printf)
c:/program files (x86)/atollic/truestudio for stm32 9.3.0/armtools/bin/../lib/gcc/arm-atollic-eabi/6.3.1/../../../../arm-atollic-eabi/lib/armv7e-m/fpu\libc_nano.a(lib_a-putchar.o)
                              Core\Src\nrf_reg_data.o (putchar)
c:/program files (x86)/atollic/truestudio for stm32 9.3.0/armtools/bin/../lib/gcc/arm-atollic-eabi/6.3.1/../../../../arm-atollic-eabi/lib/armv7e-m/fpu\libc_nano.a(lib_a-puts.o)
                              Core\Src\nrf_reg_data.o (puts)
c:/program files (x86)/atollic/truestudio for stm32 9.3.0/armtools/bin/../lib/gcc/arm-atollic-eabi/6.3.1/../../../../arm-atollic-eabi/lib/armv7e-m/fpu\libc_nano.a(lib_a-utoa.o)
                              c:/program files (x86)/atollic/truestudio for stm32 9.3.0/armtools/bin/../lib/gcc/arm-atollic-eabi/6.3.1/../../../../arm-atollic-eabi/lib/armv7e-m/fpu\libc_nano.a(lib_a-itoa.o) (__utoa)
c:/program files (x86)/atollic/truestudio for stm32 9.3.0/armtools/bin/../lib/gcc/arm-atollic-eabi/6.3.1/../../../../arm-atollic-eabi/lib/armv7e-m/fpu\libc_nano.a(lib_a-wbuf.o)
                              c:/program files (x86)/atollic/truestudio for stm32 9.3.0/armtools/bin/../lib/gcc/arm-atollic-eabi/6.3.1/../../../../arm-atollic-eabi/lib/armv7e-m/fpu\libc_nano.a(lib_a-puts.o) (__swbuf_r)
c:/program files (x86)/atollic/truestudio for stm32 9.3.0/armtools/bin/../lib/gcc/arm-atollic-eabi/6.3.1/../../../../arm-atollic-eabi/lib/armv7e-m/fpu\libc_nano.a(lib_a-wsetup.o)
                              c:/program files (x86)/atollic/truestudio for stm32 9.3.0/armtools/bin/../lib/gcc/arm-atollic-eabi/6.3.1/../../../../arm-atollic-eabi/lib/armv7e-m/fpu\libc_nano.a(lib_a-puts.o) (__swsetup_r)
c:/program files (x86)/atollic/truestudio for stm32 9.3.0/armtools/bin/../lib/gcc/arm-atollic-eabi/6.3.1/../../../../arm-atollic-eabi/lib/armv7e-m/fpu\libc_nano.a(lib_a-fflush.o)
                              c:/program files (x86)/atollic/truestudio for stm32 9.3.0/armtools/bin/../lib/gcc/arm-atollic-eabi/6.3.1/../../../../arm-atollic-eabi/lib/armv7e-m/fpu\libc_nano.a(lib_a-wbuf.o) (_fflush_r)
c:/program files (x86)/atollic/truestudio for stm32 9.3.0/armtools/bin/../lib/gcc/arm-atollic-eabi/6.3.1/../../../../arm-atollic-eabi/lib/armv7e-m/fpu\libc_nano.a(lib_a-findfp.o)
                              c:/program files (x86)/atollic/truestudio for stm32 9.3.0/armtools/bin/../lib/gcc/arm-atollic-eabi/6.3.1/../../../../arm-atollic-eabi/lib/armv7e-m/fpu\libc_nano.a(lib_a-printf.o) (__sinit)
c:/program files (x86)/atollic/truestudio for stm32 9.3.0/armtools/bin/../lib/gcc/arm-atollic-eabi/6.3.1/../../../../arm-atollic-eabi/lib/armv7e-m/fpu\libc_nano.a(lib_a-fwalk.o)
                              c:/program files (x86)/atollic/truestudio for stm32 9.3.0/armtools/bin/../lib/gcc/arm-atollic-eabi/6.3.1/../../../../arm-atollic-eabi/lib/armv7e-m/fpu\libc_nano.a(lib_a-findfp.o) (_fwalk)
c:/program files (x86)/atollic/truestudio for stm32 9.3.0/armtools/bin/../lib/gcc/arm-atollic-eabi/6.3.1/../../../../arm-atollic-eabi/lib/armv7e-m/fpu\libc_nano.a(lib_a-makebuf.o)
                              c:/program files (x86)/atollic/truestudio for stm32 9.3.0/armtools/bin/../lib/gcc/arm-atollic-eabi/6.3.1/../../../../arm-atollic-eabi/lib/armv7e-m/fpu\libc_nano.a(lib_a-wsetup.o) (__smakebuf_r)
[...]
Memory Configuration

Name             Origin             Length             Attributes
RAM              0x20000000         0x00020000         xrw
CCMRAM           0x10000000         0x00010000         rw
FLASH            0x08000000         0x00100000         xr
*default*        0x00000000         0xffffffff

Linker script and memory map

LOAD c:/program files (x86)/atollic/truestudio for stm32 9.3.0/armtools/bin/../lib/gcc/arm-atollic-eabi/6.3.1/armv7e-m/fpu/crti.o
LOAD c:/program files (x86)/atollic/truestudio for stm32 9.3.0/armtools/bin/../lib/gcc/arm-atollic-eabi/6.3.1/armv7e-m/fpu/crtbegin.o
LOAD Core\Src\DWT.o
LOAD Core\Src\main.o
LOAD Core\Src\nrf.o
LOAD Core\Src\nrf_reg_data.o
LOAD Core\Src\stm32f4xx_hal_msp.o
LOAD Core\Src\stm32f4xx_it.o
LOAD Core\Src\syscalls.o
LOAD Core\Src\system_stm32f4xx.o
LOAD Drivers\STM32F4xx_HAL_Driver\Src\stm32f4xx_hal.o
LOAD Drivers\STM32F4xx_HAL_Driver\Src\stm32f4xx_hal_cortex.o
LOAD Drivers\STM32F4xx_HAL_Driver\Src\stm32f4xx_hal_dma.o
LOAD Drivers\STM32F4xx_HAL_Driver\Src\stm32f4xx_hal_dma_ex.o
LOAD Drivers\STM32F4xx_HAL_Driver\Src\stm32f4xx_hal_exti.o
LOAD Drivers\STM32F4xx_HAL_Driver\Src\stm32f4xx_hal_flash.o
LOAD Drivers\STM32F4xx_HAL_Driver\Src\stm32f4xx_hal_flash_ex.o
LOAD Drivers\STM32F4xx_HAL_Driver\Src\stm32f4xx_hal_flash_ramfunc.o
LOAD Drivers\STM32F4xx_HAL_Driver\Src\stm32f4xx_hal_gpio.o
LOAD Drivers\STM32F4xx_HAL_Driver\Src\stm32f4xx_hal_pwr.o
LOAD Drivers\STM32F4xx_HAL_Driver\Src\stm32f4xx_hal_pwr_ex.o
LOAD Drivers\STM32F4xx_HAL_Driver\Src\stm32f4xx_hal_rcc.o
LOAD Drivers\STM32F4xx_HAL_Driver\Src\stm32f4xx_hal_rcc_ex.o
LOAD Drivers\STM32F4xx_HAL_Driver\Src\stm32f4xx_hal_spi.o
LOAD Drivers\STM32F4xx_HAL_Driver\Src\stm32f4xx_hal_tim.o
LOAD Drivers\STM32F4xx_HAL_Driver\Src\stm32f4xx_hal_tim_ex.o
LOAD startup\startup_stm32f407xx.o
                0x00000080                malloc_getpagesize_P = 0x80
START GROUP
LOAD c:/program files (x86)/atollic/truestudio for stm32 9.3.0/armtools/bin/../lib/gcc/arm-atollic-eabi/6.3.1/../../../../arm-atollic-eabi/lib/armv7e-m/fpu\libc_nano.a
LOAD c:/program files (x86)/atollic/truestudio for stm32 9.3.0/armtools/bin/../lib/gcc/arm-atollic-eabi/6.3.1/../../../../arm-atollic-eabi/lib/armv7e-m/fpu\libm.a
END GROUP
START GROUP
LOAD c:/program files (x86)/atollic/truestudio for stm32 9.3.0/armtools/bin/../lib/gcc/arm-atollic-eabi/6.3.1/armv7e-m/fpu\libgcc.a
LOAD c:/program files (x86)/atollic/truestudio for stm32 9.3.0/armtools/bin/../lib/gcc/arm-atollic-eabi/6.3.1/../../../../arm-atollic-eabi/lib/armv7e-m/fpu\libc_nano.a
END GROUP
START GROUP
LOAD c:/program files (x86)/atollic/truestudio for stm32 9.3.0/armtools/bin/../lib/gcc/arm-atollic-eabi/6.3.1/armv7e-m/fpu\libgcc.a
LOAD c:/program files (x86)/atollic/truestudio for stm32 9.3.0/armtools/bin/../lib/gcc/arm-atollic-eabi/6.3.1/../../../../arm-atollic-eabi/lib/armv7e-m/fpu\libc_nano.a
LOAD c:/program files (x86)/atollic/truestudio for stm32 9.3.0/armtools/bin/../lib/gcc/arm-atollic-eabi/6.3.1/../../../../arm-atollic-eabi/lib/armv7e-m/fpu\libnosys.a
END GROUP
START GROUP
LOAD c:/program files (x86)/atollic/truestudio for stm32 9.3.0/armtools/bin/../lib/gcc/arm-atollic-eabi/6.3.1/armv7e-m/fpu\libgcc.a
LOAD c:/program files (x86)/atollic/truestudio for stm32 9.3.0/armtools/bin/../lib/gcc/arm-atollic-eabi/6.3.1/../../../../arm-atollic-eabi/lib/armv7e-m/fpu\libc_nano.a
LOAD c:/program files (x86)/atollic/truestudio for stm32 9.3.0/armtools/bin/../lib/gcc/arm-atollic-eabi/6.3.1/../../../../arm-atollic-eabi/lib/armv7e-m/fpu\libnosys.a
END GROUP
LOAD c:/program files (x86)/atollic/truestudio for stm32 9.3.0/armtools/bin/../lib/gcc/arm-atollic-eabi/6.3.1/armv7e-m/fpu/crtend.o
LOAD c:/program files (x86)/atollic/truestudio for stm32 9.3.0/armtools/bin/../lib/gcc/arm-atollic-eabi/6.3.1/armv7e-m/fpu/crtn.o
                0x20020000                _estack = 0x20020000
                0x00000200                _Min_Heap_Size = 0x200
                0x00000400                _Min_Stack_Size = 0x400

.isr_vector     0x08000000      0x188
                0x08000000                . = ALIGN (0x4)
 *(.isr_vector)
 .isr_vector    0x08000000      0x188 startup\startup_stm32f407xx.o
                0x08000000                g_pfnVectors
                0x08000188                . = ALIGN (0x4)

.text           0x08000190     0x2ac4
                0x08000190                . = ALIGN (0x4)
 *(.text)
 .text          0x08000190       0x40 c:/program files (x86)/atollic/truestudio for stm32 9.3.0/armtools/bin/../lib/gcc/arm-atollic-eabi/6.3.1/armv7e-m/fpu/crtbegin.o
 .text          0x080001d0       0xa0 c:/program files (x86)/atollic/truestudio for stm32 9.3.0/armtools/bin/../lib/gcc/arm-atollic-eabi/6.3.1/../../../../arm-atollic-eabi/lib/armv7e-m/fpu\libc_nano.a(lib_a-memchr.o)
                0x080001d0                memchr
 .text          0x08000270       0x30 c:/program files (x86)/atollic/truestudio for stm32 9.3.0/armtools/bin/../lib/gcc/arm-atollic-eabi/6.3.1/armv7e-m/fpu\libgcc.a(_aeabi_uldivmod.o)
                0x08000270                __aeabi_uldivmod
 .text          0x080002a0      0x2dc c:/program files (x86)/atollic/truestudio for stm32 9.3.0/armtools/bin/../lib/gcc/arm-atollic-eabi/6.3.1/armv7e-m/fpu\libgcc.a(_udivmoddi4.o)
                0x080002a0                __udivmoddi4
 .text          0x0800057c        0x4 c:/program files (x86)/atollic/truestudio for stm32 9.3.0/armtools/bin/../lib/gcc/arm-atollic-eabi/6.3.1/armv7e-m/fpu\libgcc.a(_dvmd_tls.o)
                0x0800057c                __aeabi_idiv0
                0x0800057c                __aeabi_ldiv0
 *(.text*)
 .text.DWT_Delay_Init
                0x08000580       0x80 Core\Src\DWT.o
                0x08000580                DWT_Delay_Init
 .text.SystemClock_Config
                0x08000600       0xa8 Core\Src\main.o
                0x08000600                SystemClock_Config
 .text.startup.main
                0x080006a8      0x148 Core\Src\main.o
                0x080006a8                main
 .text.readRegister
                0x080007f0       0x98 Core\Src\nrf.o
                0x080007f0                readRegister
 .text.writeRegister
                0x08000888      0x18c Core\Src\nrf.o
                0x08000888                writeRegister
 .text.flushRx  0x08000a14       0x8c Core\Src\nrf.o
                0x08000a14                flushRx
 .text.flushTx  0x08000aa0       0x8c Core\Src\nrf.o
                0x08000aa0                flushTx
 .text.init     0x08000b2c       0xd4 Core\Src\nrf.o
                0x08000b2c                init
 .text.writePayload
                0x08000c00       0x54 Core\Src\nrf.o
                0x08000c00                writePayload
 .text.starTransmission
                0x08000c54       0x6c Core\Src\nrf.o
                0x08000c54                starTransmission
 .text.registerParse
                0x08000cc0       0x34 Core\Src\nrf_reg_data.o
                0x08000cc0                registerParse
 .text.getFIFO_Status
                0x08000cf4       0xb4 Core\Src\nrf_reg_data.o
                0x08000cf4                getFIFO_Status
 .text.HAL_MspInit
                0x08000da8       0x38 Core\Src\stm32f4xx_hal_msp.o
                0x08000da8                HAL_MspInit
 .text.HAL_SPI_MspInit
                0x08000de0       0xec Core\Src\stm32f4xx_hal_msp.o
                0x08000de0                HAL_SPI_MspInit
 .text.NMI_Handler
                0x08000ecc        0x2 Core\Src\stm32f4xx_it.o
                0x08000ecc                NMI_Handler
 .text.HardFault_Handler
                0x08000ece        0x2 Core\Src\stm32f4xx_it.o
                0x08000ece                HardFault_Handler
 .text.MemManage_Handler
                0x08000ed0        0x2 Core\Src\stm32f4xx_it.o
                0x08000ed0                MemManage_Handler
 .text.BusFault_Handler
                0x08000ed2        0x2 Core\Src\stm32f4xx_it.o
                0x08000ed2                BusFault_Handler
 .text.UsageFault_Handler
                0x08000ed4        0x2 Core\Src\stm32f4xx_it.o
                0x08000ed4                UsageFault_Handler
 .text.SVC_Handler
                0x08000ed6        0x2 Core\Src\stm32f4xx_it.o
                0x08000ed6                SVC_Handler
 .text.DebugMon_Handler
                0x08000ed8        0x2 Core\Src\stm32f4xx_it.o
                0x08000ed8                DebugMon_Handler
 .text.PendSV_Handler
                0x08000eda        0x2 Core\Src\stm32f4xx_it.o
                0x08000eda                PendSV_Handler
 .text.SysTick_Handler
                0x08000edc        0x4 Core\Src\stm32f4xx_it.o
                0x08000edc                SysTick_Handler
 .text._read    0x08000ee0       0x1c Core\Src\syscalls.o
                0x08000ee0                _read
 .text._write   0x08000efc       0x32 Core\Src\syscalls.o
                0x08000efc                _write
 *fill*         0x08000f2e        0x2 
 .text._sbrk    0x08000f30       0x34 Core\Src\syscalls.o
                0x08000f30                _sbrk
 .text._close   0x08000f64        0x6 Core\Src\syscalls.o
                0x08000f64                _close
 .text._fstat   0x08000f6a        0xa Core\Src\syscalls.o
                0x08000f6a                _fstat
 .text._isatty  0x08000f74        0x4 Core\Src\syscalls.o
                0x08000f74                _isatty
 .text._lseek   0x08000f78        0x4 Core\Src\syscalls.o
                0x08000f78                _lseek
 .text.SystemInit
                0x08000f7c       0x4c Core\Src\system_stm32f4xx.o
                0x08000f7c                SystemInit
 .text.HAL_InitTick
                0x08000fc8       0x48 Drivers\STM32F4xx_HAL_Driver\Src\stm32f4xx_hal.o
                0x08000fc8                HAL_InitTick
 .text.HAL_Init
                0x08001010       0x34 Drivers\STM32F4xx_HAL_Driver\Src\stm32f4xx_hal.o
                0x08001010                HAL_Init
 .text.HAL_IncTick
                0x08001044       0x18 Drivers\STM32F4xx_HAL_Driver\Src\stm32f4xx_hal.o
                0x08001044                HAL_IncTick
 .text.HAL_GetTick
                0x0800105c        0xc Drivers\STM32F4xx_HAL_Driver\Src\stm32f4xx_hal.o
                0x0800105c                HAL_GetTick
 .text.HAL_Delay
                0x08001068       0x28 Drivers\STM32F4xx_HAL_Driver\Src\stm32f4xx_hal.o
                0x08001068                HAL_Delay
 .text.HAL_NVIC_SetPriorityGrouping
                0x08001090       0x24 Drivers\STM32F4xx_HAL_Driver\Src\stm32f4xx_hal_cortex.o
                0x08001090                HAL_NVIC_SetPriorityGrouping
 .text.HAL_NVIC_SetPriority
                0x080010b4       0x68 Drivers\STM32F4xx_HAL_Driver\Src\stm32f4xx_hal_cortex.o
                0x080010b4                HAL_NVIC_SetPriority
 .text.HAL_SYSTICK_Config
                0x0800111c       0x2c Drivers\STM32F4xx_HAL_Driver\Src\stm32f4xx_hal_cortex.o
                0x0800111c                HAL_SYSTICK_Config
 .text.HAL_GPIO_Init
                0x08001148      0x1c0 Drivers\STM32F4xx_HAL_Driver\Src\stm32f4xx_hal_gpio.o
                0x08001148                HAL_GPIO_Init
 .text.HAL_GPIO_WritePin
                0x08001308        0xa Drivers\STM32F4xx_HAL_Driver\Src\stm32f4xx_hal_gpio.o
                0x08001308                HAL_GPIO_WritePin
 *fill*         0x08001312        0x2 
 .text.HAL_RCC_OscConfig
                0x08001314      0x304 Drivers\STM32F4xx_HAL_Driver\Src\stm32f4xx_hal_rcc.o
                0x08001314                HAL_RCC_OscConfig
 .text.HAL_RCC_MCOConfig
                0x08001618       0x98 Drivers\STM32F4xx_HAL_Driver\Src\stm32f4xx_hal_rcc.o
                0x08001618                HAL_RCC_MCOConfig
 .text.HAL_RCC_GetSysClockFreq
                0x080016b0       0x5c Drivers\STM32F4xx_HAL_Driver\Src\stm32f4xx_hal_rcc.o
                0x080016b0                HAL_RCC_GetSysClockFreq
 .text.HAL_RCC_ClockConfig
                0x0800170c      0x134 Drivers\STM32F4xx_HAL_Driver\Src\stm32f4xx_hal_rcc.o
                0x0800170c                HAL_RCC_ClockConfig
 .text.HAL_RCC_GetHCLKFreq
                0x08001840        0xc Drivers\STM32F4xx_HAL_Driver\Src\stm32f4xx_hal_rcc.o
                0x08001840                HAL_RCC_GetHCLKFreq
 .text.SPI_WaitFlagStateUntilTimeout.constprop.9
                0x0800184c       0x76 Drivers\STM32F4xx_HAL_Driver\Src\stm32f4xx_hal_spi.o
 *fill*         0x080018c2        0x2 
 .text.SPI_EndRxTxTransaction
                0x080018c4       0x5c Drivers\STM32F4xx_HAL_Driver\Src\stm32f4xx_hal_spi.o
 .text.HAL_SPI_Init
                0x08001920       0x7a Drivers\STM32F4xx_HAL_Driver\Src\stm32f4xx_hal_spi.o
                0x08001920                HAL_SPI_Init
 .text.HAL_SPI_Transmit
                0x0800199a      0x150 Drivers\STM32F4xx_HAL_Driver\Src\stm32f4xx_hal_spi.o
                0x0800199a                HAL_SPI_Transmit
 .text.HAL_SPI_TransmitReceive
                0x08001aea      0x1e0 Drivers\STM32F4xx_HAL_Driver\Src\stm32f4xx_hal_spi.o
                0x08001aea                HAL_SPI_TransmitReceive
 *fill*         0x08001cca        0x2 
 .text.Reset_Handler
                0x08001ccc       0x50 startup\startup_stm32f407xx.o
                0x08001ccc                Reset_Handler
 .text.Default_Handler
                0x08001d1c        0x2 startup\startup_stm32f407xx.o
                0x08001d1c                RTC_Alarm_IRQHandler
                0x08001d1c                HASH_RNG_IRQHandler
                0x08001d1c                EXTI2_IRQHandler
                0x08001d1c                TIM8_CC_IRQHandler
                0x08001d1c                TIM1_CC_IRQHandler
                0x08001d1c                DMA2_Stream5_IRQHandler
                0x08001d1c                DMA1_Stream5_IRQHandler
                0x08001d1c                PVD_IRQHandler
                0x08001d1c                SDIO_IRQHandler
                0x08001d1c                TAMP_STAMP_IRQHandler
                0x08001d1c                CAN2_RX1_IRQHandler
                0x08001d1c                EXTI3_IRQHandler
                0x08001d1c                TIM8_TRG_COM_TIM14_IRQHandler
                0x08001d1c                TIM1_UP_TIM10_IRQHandler
                0x08001d1c                TIM8_UP_TIM13_IRQHandler
                0x08001d1c                I2C3_ER_IRQHandler
                0x08001d1c                EXTI0_IRQHandler
                0x08001d1c                I2C2_EV_IRQHandler
                0x08001d1c                DMA1_Stream2_IRQHandler
                0x08001d1c                CAN1_RX0_IRQHandler
                0x08001d1c                FPU_IRQHandler
                0x08001d1c                OTG_HS_WKUP_IRQHandler
                0x08001d1c                CAN2_SCE_IRQHandler
                0x08001d1c                DMA2_Stream2_IRQHandler
                0x08001d1c                SPI1_IRQHandler
                0x08001d1c                TIM6_DAC_IRQHandler
                0x08001d1c                TIM1_BRK_TIM9_IRQHandler
                0x08001d1c                DCMI_IRQHandler
                0x08001d1c                CAN2_RX0_IRQHandler
                0x08001d1c                DMA2_Stream3_IRQHandler
                0x08001d1c                USART6_IRQHandler
                0x08001d1c                USART3_IRQHandler
                0x08001d1c                CAN1_RX1_IRQHandler
                0x08001d1c                UART5_IRQHandler
                0x08001d1c                DMA2_Stream0_IRQHandler
                0x08001d1c                TIM4_IRQHandler
                0x08001d1c                I2C1_EV_IRQHandler
                0x08001d1c                DMA1_Stream6_IRQHandler
                0x08001d1c                DMA1_Stream1_IRQHandler
                0x08001d1c                UART4_IRQHandler
                0x08001d1c                TIM3_IRQHandler
                0x08001d1c                RCC_IRQHandler
                0x08001d1c                TIM8_BRK_TIM12_IRQHandler
                0x08001d1c                Default_Handler
                0x08001d1c                EXTI15_10_IRQHandler
                0x08001d1c                ADC_IRQHandler
                0x08001d1c                DMA1_Stream7_IRQHandler
                0x08001d1c                TIM7_IRQHandler
                0x08001d1c                CAN2_TX_IRQHandler
                0x08001d1c                TIM5_IRQHandler
                0x08001d1c                DMA2_Stream7_IRQHandler
                0x08001d1c                I2C3_EV_IRQHandler
                0x08001d1c                EXTI9_5_IRQHandler
                0x08001d1c                RTC_WKUP_IRQHandler
                0x08001d1c                ETH_WKUP_IRQHandler
                0x08001d1c                SPI2_IRQHandler
                0x08001d1c                OTG_HS_EP1_IN_IRQHandler
                0x08001d1c                DMA1_Stream0_IRQHandler
                0x08001d1c                CAN1_TX_IRQHandler
                0x08001d1c                EXTI4_IRQHandler
                0x08001d1c                FSMC_IRQHandler
                0x08001d1c                ETH_IRQHandler
                0x08001d1c                OTG_HS_EP1_OUT_IRQHandler
                0x08001d1c                WWDG_IRQHandler
                0x08001d1c                TIM2_IRQHandler
                0x08001d1c                OTG_FS_WKUP_IRQHandler
                0x08001d1c                TIM1_TRG_COM_TIM11_IRQHandler
                0x08001d1c                OTG_HS_IRQHandler
                0x08001d1c                EXTI1_IRQHandler
                0x08001d1c                USART2_IRQHandler
                0x08001d1c                I2C2_ER_IRQHandler
                0x08001d1c                DMA2_Stream1_IRQHandler
                0x08001d1c                CAN1_SCE_IRQHandler
                0x08001d1c                FLASH_IRQHandler
                0x08001d1c                DMA2_Stream4_IRQHandler
                0x08001d1c                USART1_IRQHandler
                0x08001d1c                OTG_FS_IRQHandler
                0x08001d1c                SPI3_IRQHandler
                0x08001d1c                DMA1_Stream4_IRQHandler
                0x08001d1c                I2C1_ER_IRQHandler
                0x08001d1c                DMA2_Stream6_IRQHandler
                0x08001d1c                DMA1_Stream3_IRQHandler
 *fill*         0x08001d1e        0x2 
 .text.__errno  0x08001d20        0xc c:/program files (x86)/atollic/truestudio for stm32 9.3.0/armtools/bin/../lib/gcc/arm-atollic-eabi/6.3.1/../../../../arm-atollic-eabi/lib/armv7e-m/fpu\libc_nano.a(lib_a-errno.o)
                0x08001d20                __errno
 .text.__libc_init_array
                0x08001d2c       0x48 c:/program files (x86)/atollic/truestudio for stm32 9.3.0/armtools/bin/../lib/gcc/arm-atollic-eabi/6.3.1/../../../../arm-atollic-eabi/lib/armv7e-m/fpu\libc_nano.a(lib_a-init.o)
                0x08001d2c                __libc_init_array
 .text.memset   0x08001d74       0x10 c:/program files (x86)/atollic/truestudio for stm32 9.3.0/armtools/bin/../lib/gcc/arm-atollic-eabi/6.3.1/../../../../arm-atollic-eabi/lib/armv7e-m/fpu\libc_nano.a(lib_a-memset.o)
                0x08001d74                memset
 .text.printf   0x08001d84       0x30 c:/program files (x86)/atollic/truestudio for stm32 9.3.0/armtools/bin/../lib/gcc/arm-atollic-eabi/6.3.1/../../../../arm-atollic-eabi/lib/armv7e-m/fpu\libc_nano.a(lib_a-printf.o)
                0x08001d84                iprintf
                0x08001d84                printf
 .text._puts_r  0x08001db4       0xb8 c:/program files (x86)/atollic/truestudio for stm32 9.3.0/armtools/bin/../lib/gcc/arm-atollic-eabi/6.3.1/../../../../arm-atollic-eabi/lib/armv7e-m/fpu\libc_nano.a(lib_a-puts.o)
                0x08001db4                _puts_r
 .text.puts     0x08001e6c       0x10 c:/program files (x86)/atollic/truestudio for stm32 9.3.0/armtools/bin/../lib/gcc/arm-atollic-eabi/6.3.1/../../../../arm-atollic-eabi/lib/armv7e-m/fpu\libc_nano.a(lib_a-puts.o)
                0x08001e6c                puts
 .text.__swbuf_r
                0x08001e7c       0xa4 c:/program files (x86)/atollic/truestudio for stm32 9.3.0/armtools/bin/../lib/gcc/arm-atollic-eabi/6.3.1/../../../../arm-atollic-eabi/lib/armv7e-m/fpu\libc_nano.a(lib_a-wbuf.o)
                0x08001e7c                __swbuf_r
 .text.__swsetup_r
                0x08001f20       0xdc c:/program files (x86)/atollic/truestudio for stm32 9.3.0/armtools/bin/../lib/gcc/arm-atollic-eabi/6.3.1/../../../../arm-atollic-eabi/lib/armv7e-m/fpu\libc_nano.a(lib_a-wsetup.o)
                0x08001f20                __swsetup_r
 .text.__sflush_r
                0x08001ffc      0x110 c:/program files (x86)/atollic/truestudio for stm32 9.3.0/armtools/bin/../lib/gcc/arm-atollic-eabi/6.3.1/../../../../arm-atollic-eabi/lib/armv7e-m/fpu\libc_nano.a(lib_a-fflush.o)
                0x08001ffc                __sflush_r
 .text._fflush_r
                0x0800210c       0x54 c:/program files (x86)/atollic/truestudio for stm32 9.3.0/armtools/bin/../lib/gcc/arm-atollic-eabi/6.3.1/../../../../arm-atollic-eabi/lib/armv7e-m/fpu\libc_nano.a(lib_a-fflush.o)
                0x0800210c                _fflush_r
 .text._cleanup_r
                0x08002160        0xc c:/program files (x86)/atollic/truestudio for stm32 9.3.0/armtools/bin/../lib/gcc/arm-atollic-eabi/6.3.1/../../../../arm-atollic-eabi/lib/armv7e-m/fpu\libc_nano.a(lib_a-findfp.o)
                0x08002160                _cleanup_r
 .text.std.isra.0
                0x0800216c       0x48 c:/program files (x86)/atollic/truestudio for stm32 9.3.0/armtools/bin/../lib/gcc/arm-atollic-eabi/6.3.1/../../../../arm-atollic-eabi/lib/armv7e-m/fpu\libc_nano.a(lib_a-findfp.o)
 .text.__sfmoreglue
                0x080021b4       0x2c c:/program files (x86)/atollic/truestudio for stm32 9.3.0/armtools/bin/../lib/gcc/arm-atollic-eabi/6.3.1/../../../../arm-atollic-eabi/lib/armv7e-m/fpu\libc_nano.a(lib_a-findfp.o)
                0x080021b4                __sfmoreglue
 .text.__sinit  0x080021e0       0x60 c:/program files (x86)/atollic/truestudio for stm32 9.3.0/armtools/bin/../lib/gcc/arm-atollic-eabi/6.3.1/../../../../arm-atollic-eabi/lib/armv7e-m/fpu\libc_nano.a(lib_a-findfp.o)
                0x080021e0                __sinit
 .text.__sfp    0x08002240       0x78 c:/program files (x86)/atollic/truestudio for stm32 9.3.0/armtools/bin/../lib/gcc/arm-atollic-eabi/6.3.1/../../../../arm-atollic-eabi/lib/armv7e-m/fpu\libc_nano.a(lib_a-findfp.o)
                0x08002240                __sfp
 .text._fwalk_reent
                0x080022b8       0x3c c:/program files (x86)/atollic/truestudio for stm32 9.3.0/armtools/bin/../lib/gcc/arm-atollic-eabi/6.3.1/../../../../arm-atollic-eabi/lib/armv7e-m/fpu\libc_nano.a(lib_a-fwalk.o)
                0x080022b8                _fwalk_reent
 .text.__swhatbuf_r
                0x080022f4       0x48 c:/program files (x86)/atollic/truestudio for stm32 9.3.0/armtools/bin/../lib/gcc/arm-atollic-eabi/6.3.1/../../../../arm-atollic-eabi/lib/armv7e-m/fpu\libc_nano.a(lib_a-makebuf.o)
                0x080022f4                __swhatbuf_r
 .text.__smakebuf_r
                0x0800233c       0x80 c:/program files (x86)/atollic/truestudio for stm32 9.3.0/armtools/bin/../lib/gcc/arm-atollic-eabi/6.3.1/../../../../arm-atollic-eabi/lib/armv7e-m/fpu\libc_nano.a(lib_a-makebuf.o)
                0x0800233c                __smakebuf_r
 .text._free_r  0x080023bc       0x9c c:/program files (x86)/atollic/truestudio for stm32 9.3.0/armtools/bin/../lib/gcc/arm-atollic-eabi/6.3.1/../../../../arm-atollic-eabi/lib/armv7e-m/fpu\libc_nano.a(lib_a-nano-freer.o)
                0x080023bc                _free_r
 .text._malloc_r
                0x08002458       0xbc c:/program files (x86)/atollic/truestudio for stm32 9.3.0/armtools/bin/../lib/gcc/arm-atollic-eabi/6.3.1/../../../../arm-atollic-eabi/lib/armv7e-m/fpu\libc_nano.a(lib_a-nano-mallocr.o)
                0x08002458                _malloc_r
 .text.__sfputc_r
                0x08002514       0x30 c:/program files (x86)/atollic/truestudio for stm32 9.3.0/armtools/bin/../lib/gcc/arm-atollic-eabi/6.3.1/../../../../arm-atollic-eabi/lib/armv7e-m/fpu\libc_nano.a(lib_a-nano-vfprintf.o)
 .text.__sfputs_r
                0x08002544       0x24 c:/program files (x86)/atollic/truestudio for stm32 9.3.0/armtools/bin/../lib/gcc/arm-atollic-eabi/6.3.1/../../../../arm-atollic-eabi/lib/armv7e-m/fpu\libc_nano.a(lib_a-nano-vfprintf.o)
                0x08002544                __sfputs_r
 .text._vfprintf_r
                0x08002568      0x22c c:/program files (x86)/atollic/truestudio for stm32 9.3.0/armtools/bin/../lib/gcc/arm-atollic-eabi/6.3.1/../../../../arm-atollic-eabi/lib/armv7e-m/fpu\libc_nano.a(lib_a-nano-vfprintf.o)
                0x08002568                _vfprintf_r
                0x08002568                _vfiprintf_r
 .text._printf_common
                0x08002794       0xec c:/program files (x86)/atollic/truestudio for stm32 9.3.0/armtools/bin/../lib/gcc/arm-atollic-eabi/6.3.1/../../../../arm-atollic-eabi/lib/armv7e-m/fpu\libc_nano.a(lib_a-nano-vfprintf_i.o)
                0x08002794                _printf_common
 .text._printf_i
                0x08002880      0x240 c:/program files (x86)/atollic/truestudio for stm32 9.3.0/armtools/bin/../lib/gcc/arm-atollic-eabi/6.3.1/../../../../arm-atollic-eabi/lib/armv7e-m/fpu\libc_nano.a(lib_a-nano-vfprintf_i.o)
                0x08002880                _printf_i
 .text._sbrk_r  0x08002ac0       0x20 c:/program files (x86)/atollic/truestudio for stm32 9.3.0/armtools/bin/../lib/gcc/arm-atollic-eabi/6.3.1/../../../../arm-atollic-eabi/lib/armv7e-m/fpu\libc_nano.a(lib_a-sbrkr.o)
                0x08002ac0                _sbrk_r
 .text.__sread  0x08002ae0       0x22 c:/program files (x86)/atollic/truestudio for stm32 9.3.0/armtools/bin/../lib/gcc/arm-atollic-eabi/6.3.1/../../../../arm-atollic-eabi/lib/armv7e-m/fpu\libc_nano.a(lib_a-stdio.o)
                0x08002ae0                __sread
 .text.__swrite
                0x08002b02       0x38 c:/program files (x86)/atollic/truestudio for stm32 9.3.0/armtools/bin/../lib/gcc/arm-atollic-eabi/6.3.1/../../../../arm-atollic-eabi/lib/armv7e-m/fpu\libc_nano.a(lib_a-stdio.o)
                0x08002b02                __swrite
 .text.__sseek  0x08002b3a       0x24 c:/program files (x86)/atollic/truestudio for stm32 9.3.0/armtools/bin/../lib/gcc/arm-atollic-eabi/6.3.1/../../../../arm-atollic-eabi/lib/armv7e-m/fpu\libc_nano.a(lib_a-stdio.o)
                0x08002b3a                __sseek
 .text.__sclose
                0x08002b5e        0x8 c:/program files (x86)/atollic/truestudio for stm32 9.3.0/armtools/bin/../lib/gcc/arm-atollic-eabi/6.3.1/../../../../arm-atollic-eabi/lib/armv7e-m/fpu\libc_nano.a(lib_a-stdio.o)
                0x08002b5e                __sclose
 *fill*         0x08002b66        0x2 
 .text._write_r
                0x08002b68       0x24 c:/program files (x86)/atollic/truestudio for stm32 9.3.0/armtools/bin/../lib/gcc/arm-atollic-eabi/6.3.1/../../../../arm-atollic-eabi/lib/armv7e-m/fpu\libc_nano.a(lib_a-writer.o)
                0x08002b68                _write_r
 .text._close_r
                0x08002b8c       0x20 c:/program files (x86)/atollic/truestudio for stm32 9.3.0/armtools/bin/../lib/gcc/arm-atollic-eabi/6.3.1/../../../../arm-atollic-eabi/lib/armv7e-m/fpu\libc_nano.a(lib_a-closer.o)
                0x08002b8c                _close_r
 .text._fstat_r
                0x08002bac       0x24 c:/program files (x86)/atollic/truestudio for stm32 9.3.0/armtools/bin/../lib/gcc/arm-atollic-eabi/6.3.1/../../../../arm-atollic-eabi/lib/armv7e-m/fpu\libc_nano.a(lib_a-fstatr.o)
                0x08002bac                _fstat_r
 .text._isatty_r
                0x08002bd0       0x20 c:/program files (x86)/atollic/truestudio for stm32 9.3.0/armtools/bin/../lib/gcc/arm-atollic-eabi/6.3.1/../../../../arm-atollic-eabi/lib/armv7e-m/fpu\libc_nano.a(lib_a-isattyr.o)
                0x08002bd0                _isatty_r
 .text._lseek_r
                0x08002bf0       0x24 c:/program files (x86)/atollic/truestudio for stm32 9.3.0/armtools/bin/../lib/gcc/arm-atollic-eabi/6.3.1/../../../../arm-atollic-eabi/lib/armv7e-m/fpu\libc_nano.a(lib_a-lseekr.o)
                0x08002bf0                _lseek_r
 .text.__malloc_lock
                0x08002c14        0x2 c:/program files (x86)/atollic/truestudio for stm32 9.3.0/armtools/bin/../lib/gcc/arm-atollic-eabi/6.3.1/../../../../arm-atollic-eabi/lib/armv7e-m/fpu\libc_nano.a(lib_a-mlock.o)
                0x08002c14                __malloc_lock
 .text.__malloc_unlock
                0x08002c16        0x2 c:/program files (x86)/atollic/truestudio for stm32 9.3.0/armtools/bin/../lib/gcc/arm-atollic-eabi/6.3.1/../../../../arm-atollic-eabi/lib/armv7e-m/fpu\libc_nano.a(lib_a-mlock.o)
                0x08002c16                __malloc_unlock
 .text._read_r  0x08002c18       0x24 c:/program files (x86)/atollic/truestudio for stm32 9.3.0/armtools/bin/../lib/gcc/arm-atollic-eabi/6.3.1/../../../../arm-atollic-eabi/lib/armv7e-m/fpu\libc_nano.a(lib_a-readr.o)
                0x08002c18                _read_r
 *(.glue_7)
 .glue_7        0x08002c3c        0x0 linker stubs
 *(.glue_7t)
 .glue_7t       0x08002c3c        0x0 linker stubs
 *(.eh_frame)
 .eh_frame      0x08002c3c        0x0 c:/program files (x86)/atollic/truestudio for stm32 9.3.0/armtools/bin/../lib/gcc/arm-atollic-eabi/6.3.1/armv7e-m/fpu/crtbegin.o
 *(.init)
 .init          0x08002c3c        0x4 c:/program files (x86)/atollic/truestudio for stm32 9.3.0/armtools/bin/../lib/gcc/arm-atollic-eabi/6.3.1/armv7e-m/fpu/crti.o
                0x08002c3c                _init
 .init          0x08002c40        0x8 c:/program files (x86)/atollic/truestudio for stm32 9.3.0/armtools/bin/../lib/gcc/arm-atollic-eabi/6.3.1/armv7e-m/fpu/crtn.o
 *(.fini)
 .fini          0x08002c48        0x4 c:/program files (x86)/atollic/truestudio for stm32 9.3.0/armtools/bin/../lib/gcc/arm-atollic-eabi/6.3.1/armv7e-m/fpu/crti.o
                0x08002c48                _fini
 .fini          0x08002c4c        0x8 c:/program files (x86)/atollic/truestudio for stm32 9.3.0/armtools/bin/../lib/gcc/arm-atollic-eabi/6.3.1/armv7e-m/fpu/crtn.o
                0x08002c54                . = ALIGN (0x4)
                0x08002c54                _etext = .

.vfp11_veneer   0x08002c54        0x0
 .vfp11_veneer  0x08002c54        0x0 linker stubs

.v4_bx          0x08002c54        0x0
 .v4_bx         0x08002c54        0x0 linker stubs

.iplt           0x08002c54        0x0
 .iplt          0x08002c54        0x0 c:/program files (x86)/atollic/truestudio for stm32 9.3.0/armtools/bin/../lib/gcc/arm-atollic-eabi/6.3.1/armv7e-m/fpu/crtbegin.o

.rodata         0x08002c54      0x200
                0x08002c54                . = ALIGN (0x4)
 *(.rodata)
 *(.rodata*)
 .rodata.DWT_Delay_Init.str1.1
                0x08002c54       0x2c Core\Src\DWT.o
 .rodata.starTransmission.str1.1
                0x08002c80        0x5 Core\Src\nrf.o
 .rodata.getFIFO_Status.str1.1
                0x08002c85      0x127 Core\Src\nrf_reg_data.o
 .rodata.AHBPrescTable
                0x08002dac       0x10 Core\Src\system_stm32f4xx.o
                0x08002dac                AHBPrescTable
 .rodata._global_impure_ptr
                0x08002dbc        0x4 c:/program files (x86)/atollic/truestudio for stm32 9.3.0/armtools/bin/../lib/gcc/arm-atollic-eabi/6.3.1/../../../../arm-atollic-eabi/lib/armv7e-m/fpu\libc_nano.a(lib_a-impure.o)
                0x08002dbc                _global_impure_ptr
 .rodata.__sf_fake_stderr
                0x08002dc0       0x20 c:/program files (x86)/atollic/truestudio for stm32 9.3.0/armtools/bin/../lib/gcc/arm-atollic-eabi/6.3.1/../../../../arm-atollic-eabi/lib/armv7e-m/fpu\libc_nano.a(lib_a-findfp.o)
                0x08002dc0                __sf_fake_stderr
 .rodata.__sf_fake_stdin
                0x08002de0       0x20 c:/program files (x86)/atollic/truestudio for stm32 9.3.0/armtools/bin/../lib/gcc/arm-atollic-eabi/6.3.1/../../../../arm-atollic-eabi/lib/armv7e-m/fpu\libc_nano.a(lib_a-findfp.o)
                0x08002de0                __sf_fake_stdin
 .rodata.__sf_fake_stdout
                0x08002e00       0x20 c:/program files (x86)/atollic/truestudio for stm32 9.3.0/armtools/bin/../lib/gcc/arm-atollic-eabi/6.3.1/../../../../arm-atollic-eabi/lib/armv7e-m/fpu\libc_nano.a(lib_a-findfp.o)
                0x08002e00                __sf_fake_stdout
 .rodata._vfprintf_r.str1.1
                0x08002e20       0x11 c:/program files (x86)/atollic/truestudio for stm32 9.3.0/armtools/bin/../lib/gcc/arm-atollic-eabi/6.3.1/../../../../arm-atollic-eabi/lib/armv7e-m/fpu\libc_nano.a(lib_a-nano-vfprintf.o)
 .rodata._printf_i.str1.1
                0x08002e31       0x22 c:/program files (x86)/atollic/truestudio for stm32 9.3.0/armtools/bin/../lib/gcc/arm-atollic-eabi/6.3.1/../../../../arm-atollic-eabi/lib/armv7e-m/fpu\libc_nano.a(lib_a-nano-vfprintf_i.o)
                0x08002e54                . = ALIGN (0x4)
 *fill*         0x08002e53        0x1 

.ARM.extab
 *(.ARM.extab* .gnu.linkonce.armextab.*)

.ARM            0x08002e54        0x8
                0x08002e54                __exidx_start = .
 *(.ARM.exidx*)
 .ARM.exidx     0x08002e54        0x8 c:/program files (x86)/atollic/truestudio for stm32 9.3.0/armtools/bin/../lib/gcc/arm-atollic-eabi/6.3.1/armv7e-m/fpu\libgcc.a(_udivmoddi4.o)
                0x08002e5c                __exidx_end = .

.rel.dyn        0x08002e5c        0x0
 .rel.iplt      0x08002e5c        0x0 c:/program files (x86)/atollic/truestudio for stm32 9.3.0/armtools/bin/../lib/gcc/arm-atollic-eabi/6.3.1/armv7e-m/fpu/crtbegin.o

.preinit_array  0x08002e5c        0x0
                0x08002e5c                PROVIDE (__preinit_array_start, .)
 *(.preinit_array*)
                0x08002e5c                PROVIDE (__preinit_array_end, .)

.init_array     0x08002e5c        0x4
                0x08002e5c                PROVIDE (__init_array_start, .)
 *(SORT(.init_array.*))
 *(.init_array*)
 .init_array    0x08002e5c        0x4 c:/program files (x86)/atollic/truestudio for stm32 9.3.0/armtools/bin/../lib/gcc/arm-atollic-eabi/6.3.1/armv7e-m/fpu/crtbegin.o
                0x08002e60                PROVIDE (__init_array_end, .)

.fini_array     0x08002e60        0x4
                [!provide]                PROVIDE (__fini_array_start, .)
 *(SORT(.fini_array.*))
 *(.fini_array*)
 .fini_array    0x08002e60        0x4 c:/program files (x86)/atollic/truestudio for stm32 9.3.0/armtools/bin/../lib/gcc/arm-atollic-eabi/6.3.1/armv7e-m/fpu/crtbegin.o
                [!provide]                PROVIDE (__fini_array_end, .)
                0x08002e64                _sidata = LOADADDR (.data)

.data           0x20000000       0x70 load address 0x08002e64
                0x20000000                . = ALIGN (0x4)
                0x20000000                _sdata = .
 *(.data)
 *(.data*)
 .data.SystemCoreClock
                0x20000000        0x4 Core\Src\system_stm32f4xx.o
                0x20000000                SystemCoreClock
 .data.uwTickFreq
                0x20000004        0x1 Drivers\STM32F4xx_HAL_Driver\Src\stm32f4xx_hal.o
                0x20000004                uwTickFreq
 *fill*         0x20000005        0x3 
 .data.uwTickPrio
                0x20000008        0x4 Drivers\STM32F4xx_HAL_Driver\Src\stm32f4xx_hal.o
                0x20000008                uwTickPrio
 .data._impure_ptr
                0x2000000c        0x4 c:/program files (x86)/atollic/truestudio for stm32 9.3.0/armtools/bin/../lib/gcc/arm-atollic-eabi/6.3.1/../../../../arm-atollic-eabi/lib/armv7e-m/fpu\libc_nano.a(lib_a-impure.o)
                0x2000000c                _impure_ptr
 .data.impure_data
                0x20000010       0x60 c:/program files (x86)/atollic/truestudio for stm32 9.3.0/armtools/bin/../lib/gcc/arm-atollic-eabi/6.3.1/../../../../arm-atollic-eabi/lib/armv7e-m/fpu\libc_nano.a(lib_a-impure.o)
                0x20000070                . = ALIGN (0x4)
                0x20000070                _edata = .
                0x08002ed4                _siccmram = LOADADDR (.ccmram)

.igot.plt       0x20000070        0x0 load address 0x08002ed4
 .igot.plt      0x20000070        0x0 c:/program files (x86)/atollic/truestudio for stm32 9.3.0/armtools/bin/../lib/gcc/arm-atollic-eabi/6.3.1/armv7e-m/fpu/crtbegin.o

.ccmram         0x10000000        0x0 load address 0x08002ed4
                0x10000000                . = ALIGN (0x4)
                0x10000000                _sccmram = .
 *(.ccmram)
 *(.ccmram*)
                0x10000000                . = ALIGN (0x4)
                0x10000000                _eccmram = .
                0x10000000                . = ALIGN (0x4)

.bss            0x20000070      0x148
                0x20000070                _sbss = .
                0x20000070                __bss_start__ = _sbss
 *(.bss)
 .bss           0x20000070       0x1c c:/program files (x86)/atollic/truestudio for stm32 9.3.0/armtools/bin/../lib/gcc/arm-atollic-eabi/6.3.1/armv7e-m/fpu/crtbegin.o
 *(.bss*)
 .bss.__dwt_divider
                0x2000008c        0x2 Core\Src\DWT.o
                0x2000008c                __dwt_divider
 .bss.__dwt_init
                0x2000008e        0x1 Core\Src\DWT.o
                0x2000008e                __dwt_init
 *fill*         0x2000008f        0x1 
 .bss.heap_end.9102
                0x20000090        0x4 Core\Src\syscalls.o
 .bss.__malloc_free_list
                0x20000094        0x4 c:/program files (x86)/atollic/truestudio for stm32 9.3.0/armtools/bin/../lib/gcc/arm-atollic-eabi/6.3.1/../../../../arm-atollic-eabi/lib/armv7e-m/fpu\libc_nano.a(lib_a-nano-mallocr.o)
                0x20000094                __malloc_free_list
 .bss.__malloc_sbrk_start
                0x20000098        0x4 c:/program files (x86)/atollic/truestudio for stm32 9.3.0/armtools/bin/../lib/gcc/arm-atollic-eabi/6.3.1/../../../../arm-atollic-eabi/lib/armv7e-m/fpu\libc_nano.a(lib_a-nano-mallocr.o)
                0x20000098                __malloc_sbrk_start
 *(COMMON)
 COMMON         0x2000009c      0x114 Core\Src\main.o
                0x2000009c                hspi2
                0x200000f4                pointerToString
                0x200000f8                spiSet
                0x20000150                hspi1
                0x200001a8                convertedVal
 COMMON         0x200001b0        0x4 Drivers\STM32F4xx_HAL_Driver\Src\stm32f4xx_hal.o
                0x200001b0                uwTick
 COMMON         0x200001b4        0x4 c:/program files (x86)/atollic/truestudio for stm32 9.3.0/armtools/bin/../lib/gcc/arm-atollic-eabi/6.3.1/../../../../arm-atollic-eabi/lib/armv7e-m/fpu\libc_nano.a(lib_a-reent.o)
                0x200001b4                errno
                0x200001b8                . = ALIGN (0x4)
                0x200001b8                _ebss = .
                0x200001b8                __bss_end__ = _ebss

._user_heap_stack
                0x200001b8      0x600
                0x200001b8                . = ALIGN (0x4)
                0x200001b8                PROVIDE (end, .)
                [!provide]                PROVIDE (_end, .)
                0x200003b8                . = (. + _Min_Heap_Size)
 *fill*         0x200001b8      0x200 
                0x200007b8                . = (. + _Min_Stack_Size)
 *fill*         0x200003b8      0x400 
                0x200007b8                . = ALIGN (0x4)

/DISCARD/
 libc.a(*)
 libm.a(*)
 libgcc.a(*)

.ARM.attributes
                0x00000000       0x30
 *(.ARM.attributes)
 .ARM.attributes
                0x00000000       0x22 c:/program files (x86)/atollic/truestudio for stm32 9.3.0/armtools/bin/../lib/gcc/arm-atollic-eabi/6.3.1/armv7e-m/fpu/crti.o
 .ARM.attributes
                0x00000022       0x34 c:/program files (x86)/atollic/truestudio for stm32 9.3.0/armtools/bin/../lib/gcc/arm-atollic-eabi/6.3.1/armv7e-m/fpu/crtbegin.o
 .ARM.attributes
                0x00000056       0x39 Core\Src\DWT.o
 .ARM.attributes
                0x0000008f       0x39 Core\Src\main.o
 .ARM.attributes
                0x000000c8       0x39 Core\Src\nrf.o
 .ARM.attributes
                0x00000101       0x39 Core\Src\nrf_reg_data.o
 .ARM.attributes
                0x0000013a       0x39 Core\Src\stm32f4xx_hal_msp.o
 .ARM.attributes
                0x00000173       0x39 Core\Src\stm32f4xx_it.o
 .ARM.attributes
                0x000001ac       0x39 Core\Src\syscalls.o
 .ARM.attributes
                0x000001e5       0x39 Core\Src\system_stm32f4xx.o
 .ARM.attributes
                0x0000021e       0x39 Drivers\STM32F4xx_HAL_Driver\Src\stm32f4xx_hal.o
 .ARM.attributes
                0x00000257       0x39 Drivers\STM32F4xx_HAL_Driver\Src\stm32f4xx_hal_cortex.o
 .ARM.attributes
                0x00000290       0x39 Drivers\STM32F4xx_HAL_Driver\Src\stm32f4xx_hal_gpio.o
 .ARM.attributes
                0x000002c9       0x39 Drivers\STM32F4xx_HAL_Driver\Src\stm32f4xx_hal_rcc.o
 .ARM.attributes
                0x00000302       0x39 Drivers\STM32F4xx_HAL_Driver\Src\stm32f4xx_hal_spi.o
 .ARM.attributes
                0x0000033b       0x21 startup\startup_stm32f407xx.o
 .ARM.attributes
                0x0000035c       0x34 c:/program files (x86)/atollic/truestudio for stm32 9.3.0/armtools/bin/../lib/gcc/arm-atollic-eabi/6.3.1/../../../../arm-atollic-eabi/lib/armv7e-m/fpu\libc_nano.a(lib_a-errno.o)
 .ARM.attributes
                0x00000390       0x34 c:/program files (x86)/atollic/truestudio for stm32 9.3.0/armtools/bin/../lib/gcc/arm-atollic-eabi/6.3.1/../../../../arm-atollic-eabi/lib/armv7e-m/fpu\libc_nano.a(lib_a-impure.o)
 .ARM.attributes
                0x000003c4       0x34 c:/program files (x86)/atollic/truestudio for stm32 9.3.0/armtools/bin/../lib/gcc/arm-atollic-eabi/6.3.1/../../../../arm-atollic-eabi/lib/armv7e-m/fpu\libc_nano.a(lib_a-init.o)
 .ARM.attributes
                0x000003f8       0x34 c:/program files (x86)/atollic/truestudio for stm32 9.3.0/armtools/bin/../lib/gcc/arm-atollic-eabi/6.3.1/../../../../arm-atollic-eabi/lib/armv7e-m/fpu\libc_nano.a(lib_a-memset.o)
 .ARM.attributes
                0x0000042c       0x34 c:/program files (x86)/atollic/truestudio for stm32 9.3.0/armtools/bin/../lib/gcc/arm-atollic-eabi/6.3.1/../../../../arm-atollic-eabi/lib/armv7e-m/fpu\libc_nano.a(lib_a-printf.o)
 .ARM.attributes
                0x00000460       0x34 c:/program files (x86)/atollic/truestudio for stm32 9.3.0/armtools/bin/../lib/gcc/arm-atollic-eabi/6.3.1/../../../../arm-atollic-eabi/lib/armv7e-m/fpu\libc_nano.a(lib_a-puts.o)
 .ARM.attributes
                0x00000494       0x34 c:/program files (x86)/atollic/truestudio for stm32 9.3.0/armtools/bin/../lib/gcc/arm-atollic-eabi/6.3.1/../../../../arm-atollic-eabi/lib/armv7e-m/fpu\libc_nano.a(lib_a-wbuf.o)
 .ARM.attributes
                0x000004c8       0x34 c:/program files (x86)/atollic/truestudio for stm32 9.3.0/armtools/bin/../lib/gcc/arm-atollic-eabi/6.3.1/../../../../arm-atollic-eabi/lib/armv7e-m/fpu\libc_nano.a(lib_a-wsetup.o)
 .ARM.attributes
                0x000004fc       0x34 c:/program files (x86)/atollic/truestudio for stm32 9.3.0/armtools/bin/../lib/gcc/arm-atollic-eabi/6.3.1/../../../../arm-atollic-eabi/lib/armv7e-m/fpu\libc_nano.a(lib_a-fflush.o)
 .ARM.attributes
                0x00000530       0x34 c:/program files (x86)/atollic/truestudio for stm32 9.3.0/armtools/bin/../lib/gcc/arm-atollic-eabi/6.3.1/../../../../arm-atollic-eabi/lib/armv7e-m/fpu\libc_nano.a(lib_a-findfp.o)
 .ARM.attributes
                0x00000564       0x34 c:/program files (x86)/atollic/truestudio for stm32 9.3.0/armtools/bin/../lib/gcc/arm-atollic-eabi/6.3.1/../../../../arm-atollic-eabi/lib/armv7e-m/fpu\libc_nano.a(lib_a-fwalk.o)
 .ARM.attributes
                0x00000598       0x34 c:/program files (x86)/atollic/truestudio for stm32 9.3.0/armtools/bin/../lib/gcc/arm-atollic-eabi/6.3.1/../../../../arm-atollic-eabi/lib/armv7e-m/fpu\libc_nano.a(lib_a-makebuf.o)
 .ARM.attributes
                0x000005cc       0x34 c:/program files (x86)/atollic/truestudio for stm32 9.3.0/armtools/bin/../lib/gcc/arm-atollic-eabi/6.3.1/../../../../arm-atollic-eabi/lib/armv7e-m/fpu\libc_nano.a(lib_a-nano-freer.o)
 .ARM.attributes
                0x00000600       0x34 c:/program files (x86)/atollic/truestudio for stm32 9.3.0/armtools/bin/../lib/gcc/arm-atollic-eabi/6.3.1/../../../../arm-atollic-eabi/lib/armv7e-m/fpu\libc_nano.a(lib_a-nano-mallocr.o)
 .ARM.attributes
                0x00000634       0x34 c:/program files (x86)/atollic/truestudio for stm32 9.3.0/armtools/bin/../lib/gcc/arm-atollic-eabi/6.3.1/../../../../arm-atollic-eabi/lib/armv7e-m/fpu\libc_nano.a(lib_a-nano-vfprintf.o)
 .ARM.attributes
                0x00000668       0x34 c:/program files (x86)/atollic/truestudio for stm32 9.3.0/armtools/bin/../lib/gcc/arm-atollic-eabi/6.3.1/../../../../arm-atollic-eabi/lib/armv7e-m/fpu\libc_nano.a(lib_a-nano-vfprintf_i.o)
 .ARM.attributes
                0x0000069c       0x34 c:/program files (x86)/atollic/truestudio for stm32 9.3.0/armtools/bin/../lib/gcc/arm-atollic-eabi/6.3.1/../../../../arm-atollic-eabi/lib/armv7e-m/fpu\libc_nano.a(lib_a-sbrkr.o)
 .ARM.attributes
                0x000006d0       0x34 c:/program files (x86)/atollic/truestudio for stm32 9.3.0/armtools/bin/../lib/gcc/arm-atollic-eabi/6.3.1/../../../../arm-atollic-eabi/lib/armv7e-m/fpu\libc_nano.a(lib_a-stdio.o)
 .ARM.attributes
                0x00000704       0x34 c:/program files (x86)/atollic/truestudio for stm32 9.3.0/armtools/bin/../lib/gcc/arm-atollic-eabi/6.3.1/../../../../arm-atollic-eabi/lib/armv7e-m/fpu\libc_nano.a(lib_a-writer.o)
 .ARM.attributes
                0x00000738       0x34 c:/program files (x86)/atollic/truestudio for stm32 9.3.0/armtools/bin/../lib/gcc/arm-atollic-eabi/6.3.1/../../../../arm-atollic-eabi/lib/armv7e-m/fpu\libc_nano.a(lib_a-closer.o)
 .ARM.attributes
                0x0000076c       0x34 c:/program files (x86)/atollic/truestudio for stm32 9.3.0/armtools/bin/../lib/gcc/arm-atollic-eabi/6.3.1/../../../../arm-atollic-eabi/lib/armv7e-m/fpu\libc_nano.a(lib_a-fstatr.o)
 .ARM.attributes
                0x000007a0       0x34 c:/program files (x86)/atollic/truestudio for stm32 9.3.0/armtools/bin/../lib/gcc/arm-atollic-eabi/6.3.1/../../../../arm-atollic-eabi/lib/armv7e-m/fpu\libc_nano.a(lib_a-isattyr.o)
 .ARM.attributes
                0x000007d4       0x34 c:/program files (x86)/atollic/truestudio for stm32 9.3.0/armtools/bin/../lib/gcc/arm-atollic-eabi/6.3.1/../../../../arm-atollic-eabi/lib/armv7e-m/fpu\libc_nano.a(lib_a-lseekr.o)
 .ARM.attributes
                0x00000808       0x20 c:/program files (x86)/atollic/truestudio for stm32 9.3.0/armtools/bin/../lib/gcc/arm-atollic-eabi/6.3.1/../../../../arm-atollic-eabi/lib/armv7e-m/fpu\libc_nano.a(lib_a-memchr.o)
 .ARM.attributes
                0x00000828       0x34 c:/program files (x86)/atollic/truestudio for stm32 9.3.0/armtools/bin/../lib/gcc/arm-atollic-eabi/6.3.1/../../../../arm-atollic-eabi/lib/armv7e-m/fpu\libc_nano.a(lib_a-mlock.o)
 .ARM.attributes
                0x0000085c       0x34 c:/program files (x86)/atollic/truestudio for stm32 9.3.0/armtools/bin/../lib/gcc/arm-atollic-eabi/6.3.1/../../../../arm-atollic-eabi/lib/armv7e-m/fpu\libc_nano.a(lib_a-readr.o)
 .ARM.attributes
                0x00000890       0x34 c:/program files (x86)/atollic/truestudio for stm32 9.3.0/armtools/bin/../lib/gcc/arm-atollic-eabi/6.3.1/../../../../arm-atollic-eabi/lib/armv7e-m/fpu\libc_nano.a(lib_a-reent.o)
 .ARM.attributes
                0x000008c4       0x22 c:/program files (x86)/atollic/truestudio for stm32 9.3.0/armtools/bin/../lib/gcc/arm-atollic-eabi/6.3.1/armv7e-m/fpu\libgcc.a(_aeabi_uldivmod.o)
 .ARM.attributes
                0x000008e6       0x34 c:/program files (x86)/atollic/truestudio for stm32 9.3.0/armtools/bin/../lib/gcc/arm-atollic-eabi/6.3.1/armv7e-m/fpu\libgcc.a(_udivmoddi4.o)
 .ARM.attributes
                0x0000091a       0x22 c:/program files (x86)/atollic/truestudio for stm32 9.3.0/armtools/bin/../lib/gcc/arm-atollic-eabi/6.3.1/armv7e-m/fpu\libgcc.a(_dvmd_tls.o)
 .ARM.attributes
                0x0000093c       0x22 c:/program files (x86)/atollic/truestudio for stm32 9.3.0/armtools/bin/../lib/gcc/arm-atollic-eabi/6.3.1/armv7e-m/fpu/crtn.o
OUTPUT(spi_lesson.elf elf32-littlearm)

.debug_info     0x00000000     0xbf9d
 .debug_info    0x00000000      0xb82 Core\Src\DWT.o
 .debug_info    0x00000b82     0x1662 Core\Src\main.o
 .debug_info    0x000021e4     0x1b63 Core\Src\nrf.o
 .debug_info    0x00003d47     0x157a Core\Src\nrf_reg_data.o
 .debug_info    0x000052c1      0xa32 Core\Src\stm32f4xx_hal_msp.o
 .debug_info    0x00005cf3      0x1b7 Core\Src\stm32f4xx_it.o
 .debug_info    0x00005eaa     0x12e6 Core\Src\syscalls.o
 .debug_info    0x00007190      0x50a Core\Src\system_stm32f4xx.o
 .debug_info    0x0000769a      0x9ef Drivers\STM32F4xx_HAL_Driver\Src\stm32f4xx_hal.o
 .debug_info    0x00008089      0xf39 Drivers\STM32F4xx_HAL_Driver\Src\stm32f4xx_hal_cortex.o
 .debug_info    0x00008fc2      0x775 Drivers\STM32F4xx_HAL_Driver\Src\stm32f4xx_hal_gpio.o
 .debug_info    0x00009737      0xa57 Drivers\STM32F4xx_HAL_Driver\Src\stm32f4xx_hal_rcc.o
 .debug_info    0x0000a18e     0x1d9a Drivers\STM32F4xx_HAL_Driver\Src\stm32f4xx_hal_spi.o
 .debug_info    0x0000bf28       0x75 startup\startup_stm32f407xx.o

.debug_abbrev   0x00000000     0x1e32
 .debug_abbrev  0x00000000      0x1eb Core\Src\DWT.o
 .debug_abbrev  0x000001eb      0x2ca Core\Src\main.o
 .debug_abbrev  0x000004b5      0x287 Core\Src\nrf.o
 .debug_abbrev  0x0000073c      0x265 Core\Src\nrf_reg_data.o
 .debug_abbrev  0x000009a1      0x1d3 Core\Src\stm32f4xx_hal_msp.o
 .debug_abbrev  0x00000b74       0xfa Core\Src\stm32f4xx_it.o
 .debug_abbrev  0x00000c6e      0x364 Core\Src\syscalls.o
 .debug_abbrev  0x00000fd2      0x10e Core\Src\system_stm32f4xx.o
 .debug_abbrev  0x000010e0      0x23d Drivers\STM32F4xx_HAL_Driver\Src\stm32f4xx_hal.o
 .debug_abbrev  0x0000131d      0x314 Drivers\STM32F4xx_HAL_Driver\Src\stm32f4xx_hal_cortex.o
 .debug_abbrev  0x00001631      0x1ef Drivers\STM32F4xx_HAL_Driver\Src\stm32f4xx_hal_gpio.o
 .debug_abbrev  0x00001820      0x2cb Drivers\STM32F4xx_HAL_Driver\Src\stm32f4xx_hal_rcc.o
 .debug_abbrev  0x00001aeb      0x335 Drivers\STM32F4xx_HAL_Driver\Src\stm32f4xx_hal_spi.o
 .debug_abbrev  0x00001e20       0x12 startup\startup_stm32f407xx.o

.debug_aranges  0x00000000      0x670
 .debug_aranges
                0x00000000       0x20 Core\Src\DWT.o
 .debug_aranges
                0x00000020       0x30 Core\Src\main.o
 .debug_aranges
                0x00000050       0x50 Core\Src\nrf.o
 .debug_aranges
                0x000000a0       0x60 Core\Src\nrf_reg_data.o
 .debug_aranges
                0x00000100       0x30 Core\Src\stm32f4xx_hal_msp.o
 .debug_aranges
                0x00000130       0x48 Core\Src\stm32f4xx_it.o
 .debug_aranges
                0x00000178       0xb0 Core\Src\syscalls.o
 .debug_aranges
                0x00000228       0x28 Core\Src\system_stm32f4xx.o
 .debug_aranges
                0x00000250       0xe8 Drivers\STM32F4xx_HAL_Driver\Src\stm32f4xx_hal.o
 .debug_aranges
                0x00000338       0xa8 Drivers\STM32F4xx_HAL_Driver\Src\stm32f4xx_hal_cortex.o
 .debug_aranges
                0x000003e0       0x58 Drivers\STM32F4xx_HAL_Driver\Src\stm32f4xx_hal_gpio.o
 .debug_aranges
                0x00000438       0x88 Drivers\STM32F4xx_HAL_Driver\Src\stm32f4xx_hal_rcc.o
 .debug_aranges
                0x000004c0      0x188 Drivers\STM32F4xx_HAL_Driver\Src\stm32f4xx_hal_spi.o
 .debug_aranges
                0x00000648       0x28 startup\startup_stm32f407xx.o

.debug_ranges   0x00000000      0x7f8
 .debug_ranges  0x00000000       0x10 Core\Src\DWT.o
 .debug_ranges  0x00000010       0x50 Core\Src\main.o
 .debug_ranges  0x00000060       0x40 Core\Src\nrf.o
 .debug_ranges  0x000000a0       0x80 Core\Src\nrf_reg_data.o
 .debug_ranges  0x00000120       0x50 Core\Src\stm32f4xx_hal_msp.o
 .debug_ranges  0x00000170       0x38 Core\Src\stm32f4xx_it.o
 .debug_ranges  0x000001a8       0xc8 Core\Src\syscalls.o
 .debug_ranges  0x00000270       0x18 Core\Src\system_stm32f4xx.o
 .debug_ranges  0x00000288       0xd8 Drivers\STM32F4xx_HAL_Driver\Src\stm32f4xx_hal.o
 .debug_ranges  0x00000360      0x128 Drivers\STM32F4xx_HAL_Driver\Src\stm32f4xx_hal_cortex.o
 .debug_ranges  0x00000488       0x68 Drivers\STM32F4xx_HAL_Driver\Src\stm32f4xx_hal_gpio.o
 .debug_ranges  0x000004f0       0xb0 Drivers\STM32F4xx_HAL_Driver\Src\stm32f4xx_hal_rcc.o
 .debug_ranges  0x000005a0      0x238 Drivers\STM32F4xx_HAL_Driver\Src\stm32f4xx_hal_spi.o
 .debug_ranges  0x000007d8       0x20 startup\startup_stm32f407xx.o

.debug_line     0x00000000     0x37bd
 .debug_line    0x00000000      0x30c Core\Src\DWT.o
 .debug_line    0x0000030c      0x3b4 Core\Src\main.o
 .debug_line    0x000006c0      0x449 Core\Src\nrf.o
 .debug_line    0x00000b09      0x46c Core\Src\nrf_reg_data.o
 .debug_line    0x00000f75      0x2a1 Core\Src\stm32f4xx_hal_msp.o
 .debug_line    0x00001216      0x222 Core\Src\stm32f4xx_it.o
 .debug_line    0x00001438      0x45f Core\Src\syscalls.o
 .debug_line    0x00001897      0x1e3 Core\Src\system_stm32f4xx.o
 .debug_line    0x00001a7a      0x41b Drivers\STM32F4xx_HAL_Driver\Src\stm32f4xx_hal.o
 .debug_line    0x00001e95      0x456 Drivers\STM32F4xx_HAL_Driver\Src\stm32f4xx_hal_cortex.o
 .debug_line    0x000022eb      0x3e4 Drivers\STM32F4xx_HAL_Driver\Src\stm32f4xx_hal_gpio.o
 .debug_line    0x000026cf      0x4f4 Drivers\STM32F4xx_HAL_Driver\Src\stm32f4xx_hal_rcc.o
 .debug_line    0x00002bc3      0xb7b Drivers\STM32F4xx_HAL_Driver\Src\stm32f4xx_hal_spi.o
 .debug_line    0x0000373e       0x7f startup\startup_stm32f407xx.o

.debug_str      0x00000000     0x28a8
 .debug_str     0x00000000      0x6c2 Core\Src\DWT.o
                                0x772 (size before relaxing)
 .debug_str     0x000006c2      0x798 Core\Src\main.o
                                0xe4f (size before relaxing)
 .debug_str     0x00000e5a       0xd8 Core\Src\nrf.o
                                0xcb8 (size before relaxing)
 .debug_str     0x00000f32       0xcc Core\Src\nrf_reg_data.o
                                0xb88 (size before relaxing)
 .debug_str     0x00000ffe       0x63 Core\Src\stm32f4xx_hal_msp.o
                                0x820 (size before relaxing)
 .debug_str     0x00001061       0xb7 Core\Src\stm32f4xx_it.o
                                0x2b8 (size before relaxing)
 .debug_str     0x00001118      0x2a0 Core\Src\syscalls.o
                                0x981 (size before relaxing)
 .debug_str     0x000013b8       0xaf Core\Src\system_stm32f4xx.o
                                0x3ac (size before relaxing)
 .debug_str     0x00001467      0x843 Drivers\STM32F4xx_HAL_Driver\Src\stm32f4xx_hal.o
                                0xbb2 (size before relaxing)
 .debug_str     0x00001caa      0x454 Drivers\STM32F4xx_HAL_Driver\Src\stm32f4xx_hal_cortex.o
                                0xc7d (size before relaxing)
 .debug_str     0x000020fe      0x128 Drivers\STM32F4xx_HAL_Driver\Src\stm32f4xx_hal_gpio.o
                                0x543 (size before relaxing)
 .debug_str     0x00002226      0x162 Drivers\STM32F4xx_HAL_Driver\Src\stm32f4xx_hal_rcc.o
                                0x716 (size before relaxing)
 .debug_str     0x00002388      0x520 Drivers\STM32F4xx_HAL_Driver\Src\stm32f4xx_hal_spi.o
                                0xc2c (size before relaxing)

.comment        0x00000000       0x7c
 .comment       0x00000000       0x7c Core\Src\DWT.o
                                 0x7d (size before relaxing)
 .comment       0x0000007c       0x7d Core\Src\main.o
 .comment       0x0000007c       0x7d Core\Src\nrf.o
 .comment       0x0000007c       0x7d Core\Src\nrf_reg_data.o
 .comment       0x0000007c       0x7d Core\Src\stm32f4xx_hal_msp.o
 .comment       0x0000007c       0x7d Core\Src\stm32f4xx_it.o
 .comment       0x0000007c       0x7d Core\Src\syscalls.o
 .comment       0x0000007c       0x7d Core\Src\system_stm32f4xx.o
 .comment       0x0000007c       0x7d Drivers\STM32F4xx_HAL_Driver\Src\stm32f4xx_hal.o
 .comment       0x0000007c       0x7d Drivers\STM32F4xx_HAL_Driver\Src\stm32f4xx_hal_cortex.o
 .comment       0x0000007c       0x7d Drivers\STM32F4xx_HAL_Driver\Src\stm32f4xx_hal_gpio.o
 .comment       0x0000007c       0x7d Drivers\STM32F4xx_HAL_Driver\Src\stm32f4xx_hal_rcc.o
 .comment       0x0000007c       0x7d Drivers\STM32F4xx_HAL_Driver\Src\stm32f4xx_hal_spi.o

.debug_frame    0x00000000     0x17f0
 .debug_frame   0x00000000       0x2c Core\Src\DWT.o
 .debug_frame   0x0000002c       0x5c Core\Src\main.o
 .debug_frame   0x00000088       0xe8 Core\Src\nrf.o
 .debug_frame   0x00000170       0xf4 Core\Src\nrf_reg_data.o
 .debug_frame   0x00000264       0x70 Core\Src\stm32f4xx_hal_msp.o
 .debug_frame   0x000002d4       0xa0 Core\Src\stm32f4xx_it.o
 .debug_frame   0x00000374      0x1a4 Core\Src\syscalls.o
 .debug_frame   0x00000518       0x38 Core\Src\system_stm32f4xx.o
 .debug_frame   0x00000550      0x1f0 Drivers\STM32F4xx_HAL_Driver\Src\stm32f4xx_hal.o
 .debug_frame   0x00000740      0x158 Drivers\STM32F4xx_HAL_Driver\Src\stm32f4xx_hal_cortex.o
 .debug_frame   0x00000898       0xd8 Drivers\STM32F4xx_HAL_Driver\Src\stm32f4xx_hal_gpio.o
 .debug_frame   0x00000970      0x13c Drivers\STM32F4xx_HAL_Driver\Src\stm32f4xx_hal_rcc.o
 .debug_frame   0x00000aac      0x574 Drivers\STM32F4xx_HAL_Driver\Src\stm32f4xx_hal_spi.o
 .debug_frame   0x00001020       0x20 c:/program files (x86)/atollic/truestudio for stm32 9.3.0/armtools/bin/../lib/gcc/arm-atollic-eabi/6.3.1/../../../../arm-atollic-eabi/lib/armv7e-m/fpu\libc_nano.a(lib_a-errno.o)
 .debug_frame   0x00001040       0x2c c:/program files (x86)/atollic/truestudio for stm32 9.3.0/armtools/bin/../lib/gcc/arm-atollic-eabi/6.3.1/../../../../arm-atollic-eabi/lib/armv7e-m/fpu\libc_nano.a(lib_a-init.o)
 .debug_frame   0x0000106c       0x20 c:/program files (x86)/atollic/truestudio for stm32 9.3.0/armtools/bin/../lib/gcc/arm-atollic-eabi/6.3.1/../../../../arm-atollic-eabi/lib/armv7e-m/fpu\libc_nano.a(lib_a-memset.o)
 .debug_frame   0x0000108c       0x74 c:/program files (x86)/atollic/truestudio for stm32 9.3.0/armtools/bin/../lib/gcc/arm-atollic-eabi/6.3.1/../../../../arm-atollic-eabi/lib/armv7e-m/fpu\libc_nano.a(lib_a-printf.o)
 .debug_frame   0x00001100       0x3c c:/program files (x86)/atollic/truestudio for stm32 9.3.0/armtools/bin/../lib/gcc/arm-atollic-eabi/6.3.1/../../../../arm-atollic-eabi/lib/armv7e-m/fpu\libc_nano.a(lib_a-puts.o)
 .debug_frame   0x0000113c       0x40 c:/program files (x86)/atollic/truestudio for stm32 9.3.0/armtools/bin/../lib/gcc/arm-atollic-eabi/6.3.1/../../../../arm-atollic-eabi/lib/armv7e-m/fpu\libc_nano.a(lib_a-wbuf.o)
 .debug_frame   0x0000117c       0x2c c:/program files (x86)/atollic/truestudio for stm32 9.3.0/armtools/bin/../lib/gcc/arm-atollic-eabi/6.3.1/../../../../arm-atollic-eabi/lib/armv7e-m/fpu\libc_nano.a(lib_a-wsetup.o)
 .debug_frame   0x000011a8       0x68 c:/program files (x86)/atollic/truestudio for stm32 9.3.0/armtools/bin/../lib/gcc/arm-atollic-eabi/6.3.1/../../../../arm-atollic-eabi/lib/armv7e-m/fpu\libc_nano.a(lib_a-fflush.o)
 .debug_frame   0x00001210      0x11c c:/program files (x86)/atollic/truestudio for stm32 9.3.0/armtools/bin/../lib/gcc/arm-atollic-eabi/6.3.1/../../../../arm-atollic-eabi/lib/armv7e-m/fpu\libc_nano.a(lib_a-findfp.o)
 .debug_frame   0x0000132c       0x54 c:/program files (x86)/atollic/truestudio for stm32 9.3.0/armtools/bin/../lib/gcc/arm-atollic-eabi/6.3.1/../../../../arm-atollic-eabi/lib/armv7e-m/fpu\libc_nano.a(lib_a-fwalk.o)
 .debug_frame   0x00001380       0x58 c:/program files (x86)/atollic/truestudio for stm32 9.3.0/armtools/bin/../lib/gcc/arm-atollic-eabi/6.3.1/../../../../arm-atollic-eabi/lib/armv7e-m/fpu\libc_nano.a(lib_a-makebuf.o)
 .debug_frame   0x000013d8       0x38 c:/program files (x86)/atollic/truestudio for stm32 9.3.0/armtools/bin/../lib/gcc/arm-atollic-eabi/6.3.1/../../../../arm-atollic-eabi/lib/armv7e-m/fpu\libc_nano.a(lib_a-nano-freer.o)
 .debug_frame   0x00001410       0x2c c:/program files (x86)/atollic/truestudio for stm32 9.3.0/armtools/bin/../lib/gcc/arm-atollic-eabi/6.3.1/../../../../arm-atollic-eabi/lib/armv7e-m/fpu\libc_nano.a(lib_a-nano-mallocr.o)
 .debug_frame   0x0000143c       0xac c:/program files (x86)/atollic/truestudio for stm32 9.3.0/armtools/bin/../lib/gcc/arm-atollic-eabi/6.3.1/../../../../arm-atollic-eabi/lib/armv7e-m/fpu\libc_nano.a(lib_a-nano-vfprintf.o)
 .debug_frame   0x000014e8       0x60 c:/program files (x86)/atollic/truestudio for stm32 9.3.0/armtools/bin/../lib/gcc/arm-atollic-eabi/6.3.1/../../../../arm-atollic-eabi/lib/armv7e-m/fpu\libc_nano.a(lib_a-nano-vfprintf_i.o)
 .debug_frame   0x00001548       0x2c c:/program files (x86)/atollic/truestudio for stm32 9.3.0/armtools/bin/../lib/gcc/arm-atollic-eabi/6.3.1/../../../../arm-atollic-eabi/lib/armv7e-m/fpu\libc_nano.a(lib_a-sbrkr.o)
 .debug_frame   0x00001574       0x88 c:/program files (x86)/atollic/truestudio for stm32 9.3.0/armtools/bin/../lib/gcc/arm-atollic-eabi/6.3.1/../../../../arm-atollic-eabi/lib/armv7e-m/fpu\libc_nano.a(lib_a-stdio.o)
 .debug_frame   0x000015fc       0x2c c:/program files (x86)/atollic/truestudio for stm32 9.3.0/armtools/bin/../lib/gcc/arm-atollic-eabi/6.3.1/../../../../arm-atollic-eabi/lib/armv7e-m/fpu\libc_nano.a(lib_a-writer.o)
 .debug_frame   0x00001628       0x2c c:/program files (x86)/atollic/truestudio for stm32 9.3.0/armtools/bin/../lib/gcc/arm-atollic-eabi/6.3.1/../../../../arm-atollic-eabi/lib/armv7e-m/fpu\libc_nano.a(lib_a-closer.o)
 .debug_frame   0x00001654       0x2c c:/program files (x86)/atollic/truestudio for stm32 9.3.0/armtools/bin/../lib/gcc/arm-atollic-eabi/6.3.1/../../../../arm-atollic-eabi/lib/armv7e-m/fpu\libc_nano.a(lib_a-fstatr.o)
 .debug_frame   0x00001680       0x2c c:/program files (x86)/atollic/truestudio for stm32 9.3.0/armtools/bin/../lib/gcc/arm-atollic-eabi/6.3.1/../../../../arm-atollic-eabi/lib/armv7e-m/fpu\libc_nano.a(lib_a-isattyr.o)
 .debug_frame   0x000016ac       0x2c c:/program files (x86)/atollic/truestudio for stm32 9.3.0/armtools/bin/../lib/gcc/arm-atollic-eabi/6.3.1/../../../../arm-atollic-eabi/lib/armv7e-m/fpu\libc_nano.a(lib_a-lseekr.o)
 .debug_frame   0x000016d8       0x30 c:/program files (x86)/atollic/truestudio for stm32 9.3.0/armtools/bin/../lib/gcc/arm-atollic-eabi/6.3.1/../../../../arm-atollic-eabi/lib/armv7e-m/fpu\libc_nano.a(lib_a-mlock.o)
 .debug_frame   0x00001708       0x2c c:/program files (x86)/atollic/truestudio for stm32 9.3.0/armtools/bin/../lib/gcc/arm-atollic-eabi/6.3.1/../../../../arm-atollic-eabi/lib/armv7e-m/fpu\libc_nano.a(lib_a-readr.o)
 .debug_frame   0x00001734       0x5c c:/program files (x86)/atollic/truestudio for stm32 9.3.0/armtools/bin/../lib/gcc/arm-atollic-eabi/6.3.1/../../../../arm-atollic-eabi/lib/armv7e-m/fpu\libc_nano.a(lib_a-reent.o)
 .debug_frame   0x00001790       0x2c c:/program files (x86)/atollic/truestudio for stm32 9.3.0/armtools/bin/../lib/gcc/arm-atollic-eabi/6.3.1/armv7e-m/fpu\libgcc.a(_aeabi_uldivmod.o)
 .debug_frame   0x000017bc       0x34 c:/program files (x86)/atollic/truestudio for stm32 9.3.0/armtools/bin/../lib/gcc/arm-atollic-eabi/6.3.1/armv7e-m/fpu\libgcc.a(_udivmoddi4.o)

.debug_loc      0x00000000     0x2ef3
 .debug_loc     0x00000000      0x2d3 Core\Src\nrf.o
 .debug_loc     0x000002d3      0x1f9 Core\Src\nrf_reg_data.o
 .debug_loc     0x000004cc       0x8a Core\Src\stm32f4xx_hal_msp.o
 .debug_loc     0x00000556      0x398 Core\Src\syscalls.o
 .debug_loc     0x000008ee      0x11c Core\Src\system_stm32f4xx.o
 .debug_loc     0x00000a0a      0x11b Drivers\STM32F4xx_HAL_Driver\Src\stm32f4xx_hal.o
 .debug_loc     0x00000b25      0x4fb Drivers\STM32F4xx_HAL_Driver\Src\stm32f4xx_hal_cortex.o
 .debug_loc     0x00001020      0x36d Drivers\STM32F4xx_HAL_Driver\Src\stm32f4xx_hal_gpio.o
 .debug_loc     0x0000138d      0x336 Drivers\STM32F4xx_HAL_Driver\Src\stm32f4xx_hal_rcc.o
 .debug_loc     0x000016c3     0x1830 Drivers\STM32F4xx_HAL_Driver\Src\stm32f4xx_hal_spi.o
